1
    Разрежённые файлы используются для хранения контейнеров, например:
    образов дисков виртуальных машин;
    резервных копий дисков и/или разделов, созданных спец. ПО.

    Команды для работы с разрежёнными файлами.

    Linux:
    создание разрежённого файла размером 200 Гб:
    dd if=/dev/zero of=./sparse-file bs=1 count=0 seek=200G
    # или
    truncate -s200G ./sparse-file
    преобразование обычного файла в разрежённый (выполнение поиска дыр и записи их расположения (смещений и длин) в метаданные файла):
    cp --sparse=always ./simple-file ./sparse-file
    сохранение копии диска в разрежённый файл:
    ddrescue --sparse /dev/sdb ./sparse-file ./history.log

2
    СИМВОЛИЧЕСКИЕ ССЫЛКИ
    Символические ссылки более всего похожи на обычные ярлыки. Они содержат адрес нужного файла в вашей файловой системе. Когда вы пытаетесь открыть такую ссылку, то открывается целевой файл или папка. Главное ее отличие от жестких ссылок в том, что при удалении целевого файла ссылка останется, но она будет указывать в никуда, поскольку файла на самом деле больше нет.

    Вот основные особенности символических ссылок:

    Могут ссылаться на файлы и каталоги;
    После удаления, перемещения или переименования файла становятся недействительными;
    Права доступа и номер inode отличаются от исходного файла;
    При изменении прав доступа для исходного файла, права на ссылку останутся неизменными;
    Можно ссылаться на другие разделы диска;
    Содержат только имя файла, а не его содержимое.
    Теперь давайте рассмотрим жесткие ссылки.

    ЖЕСТКИЕ ССЫЛКИ
    Этот тип ссылок реализован на более низком уровне файловой системы. Файл размещен только в определенном месте жесткого диска. Но на это место могут ссылаться несколько ссылок из файловой системы. Каждая из ссылок - это отдельный файл, но ведут они к одному участку жесткого диска. Файл можно перемещать между каталогами, и все ссылки останутся рабочими, поскольку для них неважно имя. Рассмотрим особенности:

    Работают только в пределах одной файловой системы;
    Нельзя ссылаться на каталоги;
    Имеют ту же информацию inode и набор разрешений что и у исходного файла;
    Разрешения на ссылку изменяться при изменении разрешений файла;
    Можно перемещать и переименовывать и даже удалять файл без вреда ссылке.

3
    vagrant@vagrant:~$ lsblk
    NAME                 MAJ:MIN RM  SIZE RO TYPE MOUNTPOINT
    sda                    8:0    0   64G  0 disk
    ├─sda1                 8:1    0  512M  0 part /boot/efi
    ├─sda2                 8:2    0    1K  0 part
    └─sda5                 8:5    0 63.5G  0 part
      ├─vgvagrant-root   253:0    0 62.6G  0 lvm  /
      └─vgvagrant-swap_1 253:1    0  980M  0 lvm  [SWAP]
    sdb                    8:16   0  2.5G  0 disk
    sdc                    8:32   0  2.5G  0 disk
    vagrant@vagrant:~$

4
    Device       Start     End Sectors  Size Type
    /dev/sdb1     2048 4196351 4194304    2G Linux filesystem
    /dev/sdb2  4196352 5242846 1046495  511M Linux filesystem

5
    vagrant@vagrant:~$ sudo sfdisk -d /dev/sdb | sudo sfdisk /dev/sdc --force
    Checking that no-one is using this disk right now ... OK

    Disk /dev/sdc: 2.51 GiB, 2684354560 bytes, 5242880 sectors
    Disk model: VBOX HARDDISK
    Units: sectors of 1 * 512 = 512 bytes
    Sector size (logical/physical): 512 bytes / 512 bytes
    I/O size (minimum/optimal): 512 bytes / 512 bytes

    >>> Script header accepted.
    >>> Script header accepted.
    >>> Script header accepted.
    >>> Script header accepted.
    >>> Script header accepted.
    >>> Script header accepted.
    >>> Created a new GPT disklabel (GUID: CF4D56BD-941D-424A-ACF9-F3D20B1432AC).
    /dev/sdc1: Created a new partition 1 of type 'Linux filesystem' and of size 2 GiB.
    /dev/sdc2: Created a new partition 2 of type 'Linux filesystem' and of size 511 MiB.
    /dev/sdc3: Done.

    New situation:
    Disklabel type: gpt
    Disk identifier: CF4D56BD-941D-424A-ACF9-F3D20B1432AC

    Device       Start     End Sectors  Size Type
    /dev/sdc1     2048 4196351 4194304    2G Linux filesystem
    /dev/sdc2  4196352 5242846 1046495  511M Linux filesystem

    The partition table has been altered.
    Calling ioctl() to re-read partition table.
    Syncing disks.
    vagrant@vagrant:~$ lsblk
    NAME                 MAJ:MIN RM  SIZE RO TYPE MOUNTPOINT
    sda                    8:0    0   64G  0 disk
    ├─sda1                 8:1    0  512M  0 part /boot/efi
    ├─sda2                 8:2    0    1K  0 part
    └─sda5                 8:5    0 63.5G  0 part
      ├─vgvagrant-root   253:0    0 62.6G  0 lvm  /
      └─vgvagrant-swap_1 253:1    0  980M  0 lvm  [SWAP]
    sdb                    8:16   0  2.5G  0 disk
    ├─sdb1                 8:17   0    2G  0 part
    └─sdb2                 8:18   0  511M  0 part
    sdc                    8:32   0  2.5G  0 disk
    ├─sdc1                 8:33   0    2G  0 part
    └─sdc2                 8:34   0  511M  0 part

6
    vagrant@vagrant:~$ sudo mdadm --create /dev/md1 --level=1 --raid-devices=2 /dev/sdb1 /dev/sdc1
    mdadm: Note: this array has metadata at the start and
        may not be suitable as a boot device.  If you plan to
        store '/boot' on this device please ensure that
        your boot-loader understands md/v1.x metadata, or use
        --metadata=0.90
    Continue creating array? y
    mdadm: Defaulting to version 1.2 metadata
    mdadm: array /dev/md1 started.
    vagrant@vagrant:~$ lsblk
    NAME                 MAJ:MIN RM  SIZE RO TYPE  MOUNTPOINT
    sda                    8:0    0   64G  0 disk
    ├─sda1                 8:1    0  512M  0 part  /boot/efi
    ├─sda2                 8:2    0    1K  0 part
    └─sda5                 8:5    0 63.5G  0 part
      ├─vgvagrant-root   253:0    0 62.6G  0 lvm   /
      └─vgvagrant-swap_1 253:1    0  980M  0 lvm   [SWAP]
    sdb                    8:16   0  2.5G  0 disk
    ├─sdb1                 8:17   0    2G  0 part
    │ └─md1                9:1    0    2G  0 raid1
    └─sdb2                 8:18   0  511M  0 part
    sdc                    8:32   0  2.5G  0 disk
    ├─sdc1                 8:33   0    2G  0 part
    │ └─md1                9:1    0    2G  0 raid1
    └─sdc2                 8:34   0  511M  0 part

7
    vagrant@vagrant:~$ sudo mdadm --create /dev/md0 --level=0 --raid-devices=2 /dev/sdb2 /dev/sdc2
    mdadm: Defaulting to version 1.2 metadata
    mdadm: array /dev/md0 started.
    vagrant@vagrant:~$ lsblk
    NAME                 MAJ:MIN RM  SIZE RO TYPE  MOUNTPOINT
    sda                    8:0    0   64G  0 disk
    ├─sda1                 8:1    0  512M  0 part  /boot/efi
    ├─sda2                 8:2    0    1K  0 part
    └─sda5                 8:5    0 63.5G  0 part
      ├─vgvagrant-root   253:0    0 62.6G  0 lvm   /
      └─vgvagrant-swap_1 253:1    0  980M  0 lvm   [SWAP]
    sdb                    8:16   0  2.5G  0 disk
    ├─sdb1                 8:17   0    2G  0 part
    │ └─md1                9:1    0    2G  0 raid1
    └─sdb2                 8:18   0  511M  0 part
      └─md0                9:0    0 1017M  0 raid0
    sdc                    8:32   0  2.5G  0 disk
    ├─sdc1                 8:33   0    2G  0 part
    │ └─md1                9:1    0    2G  0 raid1
    └─sdc2                 8:34   0  511M  0 part
      └─md0                9:0    0 1017M  0 raid0

8
    vagrant@vagrant:~$ sudo pvcreate /dev/md0 /dev/md1
      Physical volume "/dev/md0" successfully created.
      Physical volume "/dev/md1" successfully created.
    vagrant@vagrant:~$ sudo pvscan
      PV /dev/sda5   VG vgvagrant       lvm2 [<63.50 GiB / 0    free]
      PV /dev/md0                       lvm2 [1017.00 MiB]
      PV /dev/md1                       lvm2 [<2.00 GiB]
      Total: 3 [<66.49 GiB] / in use: 1 [<63.50 GiB] / in no VG: 2 [2.99 GiB]

9
    vagrant@vagrant:~$ sudo vgcreate vg1 /dev/md0 /dev/md1
      Volume group "vg1" successfully created
    vagrant@vagrant:~$ sudo vgdisplay
      --- Volume group ---
      VG Name               vgvagrant
      System ID
      Format                lvm2
      Metadata Areas        1
      Metadata Sequence No  3
      VG Access             read/write
      VG Status             resizable
      MAX LV                0
      Cur LV                2
      Open LV               2
      Max PV                0
      Cur PV                1
      Act PV                1
      VG Size               <63.50 GiB
      PE Size               4.00 MiB
      Total PE              16255
      Alloc PE / Size       16255 / <63.50 GiB
      Free  PE / Size       0 / 0
      VG UUID               PaBfZ0-3I0c-iIdl-uXKt-JL4K-f4tT-kzfcyE

      --- Volume group ---
      VG Name               vg1
      System ID
      Format                lvm2
      Metadata Areas        2
      Metadata Sequence No  1
      VG Access             read/write
      VG Status             resizable
      MAX LV                0
      Cur LV                0
      Open LV               0
      Max PV                0
      Cur PV                2
      Act PV                2
      VG Size               <2.99 GiB
      PE Size               4.00 MiB
      Total PE              765
      Alloc PE / Size       0 / 0
      Free  PE / Size       765 / <2.99 GiB
      VG UUID               a8RsUS-wDu3-YZx0-DuYb-MhSy-fxeT-XWTajH

10
    vagrant@vagrant:~$ sudo lvcreate -L 100M vg1 /dev/md0
      Logical volume "lvol0" created.
    vagrant@vagrant:~$ sudo lvs
      LV     VG        Attr       LSize   Pool Origin Data%  Meta%  Move Log Cpy%Sync Convert
      lvol0  vg1       -wi-a----- 100.00m
      root   vgvagrant -wi-ao---- <62.54g
      swap_1 vgvagrant -wi-ao---- 980.00m

11
    vagrant@vagrant:~$ sudo mkfs.ext4 /dev/vg1/lvol0
    mke2fs 1.45.5 (07-Jan-2020)
    Creating filesystem with 25600 4k blocks and 25600 inodes

    Allocating group tables: done
    Writing inode tables: done
    Creating journal (1024 blocks): done
    Writing superblocks and filesystem accounting information: done

12
    vagrant@vagrant:~$ mkdir /tmp/new
    vagrant@vagrant:~$ sudo mount /dev/vg1/lvol0 /tmp/new

13
    vagrant@vagrant:~$ sudo wget https://mirror.yandex.ru/ubuntu/ls-lR.gz -O /tmp/new/test.gz
    --2021-08-27 21:18:09--  https://mirror.yandex.ru/ubuntu/ls-lR.gz
    Resolving mirror.yandex.ru (mirror.yandex.ru)... 213.180.204.183, 2a02:6b8::183
    Connecting to mirror.yandex.ru (mirror.yandex.ru)|213.180.204.183|:443... connected.
    HTTP request sent, awaiting response... 200 OK
    Length: 21047976 (20M) [application/octet-stream]
    Saving to: ‘/tmp/new/test.gz’

    /tmp/new/test.gz                          100%[======================================>]  20.07M  1.60MB/s    in 13s

    2021-08-27 21:18:22 (1.53 MB/s) - ‘/tmp/new/test.gz’ saved [21047976/21047976]

14
    vagrant@vagrant:~$ lsblk
    NAME                 MAJ:MIN RM  SIZE RO TYPE  MOUNTPOINT
    sda                    8:0    0   64G  0 disk
    ├─sda1                 8:1    0  512M  0 part  /boot/efi
    ├─sda2                 8:2    0    1K  0 part
    └─sda5                 8:5    0 63.5G  0 part
      ├─vgvagrant-root   253:0    0 62.6G  0 lvm   /
      └─vgvagrant-swap_1 253:1    0  980M  0 lvm   [SWAP]
    sdb                    8:16   0  2.5G  0 disk
    ├─sdb1                 8:17   0    2G  0 part
    │ └─md1                9:1    0    2G  0 raid1
    └─sdb2                 8:18   0  511M  0 part
      └─md0                9:0    0 1017M  0 raid0
        └─vg1-lvol0      253:2    0  100M  0 lvm   /tmp/new
    sdc                    8:32   0  2.5G  0 disk
    ├─sdc1                 8:33   0    2G  0 part
    │ └─md1                9:1    0    2G  0 raid1
    └─sdc2                 8:34   0  511M  0 part
      └─md0                9:0    0 1017M  0 raid0
        └─vg1-lvol0      253:2    0  100M  0 lvm   /tmp/new

15
    vagrant@vagrant:~$ gzip -t /tmp/new/test.gz
    vagrant@vagrant:~$ echo $?
    0

16
    vagrant@vagrant:~$ sudo pvmove /dev/md0
      /dev/md0: Moved: 16.00%
      /dev/md0: Moved: 100.00%
    vagrant@vagrant:~$ lsblk
    NAME                 MAJ:MIN RM  SIZE RO TYPE  MOUNTPOINT
    sda                    8:0    0   64G  0 disk
    ├─sda1                 8:1    0  512M  0 part  /boot/efi
    ├─sda2                 8:2    0    1K  0 part
    └─sda5                 8:5    0 63.5G  0 part
      ├─vgvagrant-root   253:0    0 62.6G  0 lvm   /
      └─vgvagrant-swap_1 253:1    0  980M  0 lvm   [SWAP]
    sdb                    8:16   0  2.5G  0 disk
    ├─sdb1                 8:17   0    2G  0 part
    │ └─md1                9:1    0    2G  0 raid1
    │   └─vg1-lvol0      253:2    0  100M  0 lvm   /tmp/new
    └─sdb2                 8:18   0  511M  0 part
      └─md0                9:0    0 1017M  0 raid0
    sdc                    8:32   0  2.5G  0 disk
    ├─sdc1                 8:33   0    2G  0 part
    │ └─md1                9:1    0    2G  0 raid1
    │   └─vg1-lvol0      253:2    0  100M  0 lvm   /tmp/new
    └─sdc2                 8:34   0  511M  0 part
      └─md0                9:0    0 1017M  0 raid0

17
    vagrant@vagrant:~$ sudo mdadm -f /dev/md1 /dev/sdb1
    mdadm: set /dev/sdb1 faulty in /dev/md1

18
    vagrant@vagrant:~$ dmesg | grep md1
    [ 3701.447330] md/raid1:md1: not clean -- starting background reconstruction
    [ 3701.447332] md/raid1:md1: active with 2 out of 2 mirrors
    [ 3701.447355] md1: detected capacity change from 0 to 2144337920
    [ 3701.451890] md: resync of RAID array md1
    [ 3711.871578] md: md1: resync done.
    [ 7933.522154] md/raid1:md1: Disk failure on sdb1, disabling device.
                   md/raid1:md1: Operation continuing on 1 devices.

19
    vagrant@vagrant:~$ gzip -t /tmp/new/test.gz
    vagrant@vagrant:~$ echo $?
    0
20
    vagrant@vagrant:~$ exit
    logout
    Connection to 127.0.0.1 closed.
    evgeniy@evgeniyPR:~/VB$ vagrant destroy
        default: Are you sure you want to destroy the 'default' VM? [y/N] y
    ==> default: Forcing shutdown of VM...
    ==> default: Destroying VM and associated drives...
    evgeniy@evgeniyPR:~/VB$


